
> datarithm@0.0.0 build
> vite build

[36mvite v7.3.1 [32mbuilding client environment for production...[36m[39m
transforming...
[32mΓ£ô[39m 55 modules transformed.
rendering chunks...
computing gzip size...
[2mdist/[22m[32mindex.html                 [39m[1m[2m  0.66 kB[22m[1m[22m[2m Γöé gzip:  0.42 kB[22m
[2mdist/[22m[35massets/index-BRORJgV7.css  [39m[1m[2m 22.18 kB[22m[1m[22m[2m Γöé gzip:  5.02 kB[22m
[2mdist/[22m[36massets/index-D4uNaaGV.js   [39m[1m[2m265.75 kB[22m[1m[22m[2m Γöé gzip: 83.07 kB[22m
[32mΓ£ô built in 2.02s[39m
